nohup: ignoring input
/root/miniconda3/lib/python3.12/site-packages/timm/models/layers/__init__.py:49: FutureWarning: Importing from timm.models.layers is deprecated, please import via timm.layers
  warnings.warn(f"Importing from {__name__} is deprecated, please import via timm.layers", FutureWarning)
/root/miniconda3/lib/python3.12/site-packages/timm/models/layers/__init__.py:49: FutureWarning: Importing from timm.models.layers is deprecated, please import via timm.layers
  warnings.warn(f"Importing from {__name__} is deprecated, please import via timm.layers", FutureWarning)
RANK and WORLD_SIZE in environment: 0/2
RANK and WORLD_SIZE in environment: 1/2
[rank0]:[W417 20:26:01.535508014 ProcessGroupNCCL.cpp:4715] [PG ID 0 PG GUID 0 Rank 0]  using GPU 0 as device used by this process is currently unknown. This can potentially cause a hang if this rank to GPU mapping is incorrect. You can pecify device_id in init_process_group() to force use of a particular device.
[rank1]:[W417 20:26:01.563983468 ProcessGroupNCCL.cpp:4715] [PG ID 0 PG GUID 0 Rank 1]  using GPU 1 as device used by this process is currently unknown. This can potentially cause a hang if this rank to GPU mapping is incorrect. You can pecify device_id in init_process_group() to force use of a particular device.
swanlab: Tracking run with swanlab version 0.7.15
swanlab: Run data will be saved locally in /root/sam3/swanlog/run-20260417_202603-kber3cmpic1s68x6z3ftt
swanlab: 👋 Hi chenfree,welcome to swanlab!
swanlab: Syncing run sam3_refship to the cloud
swanlab: 🏠 View project at https://swanlab.cn/@chenfree/sam3_refship
swanlab: 🚀 View run at https://swanlab.cn/@chenfree/sam3_refship/runs/kber3cmpic1s68x6z3ftt
loading dataset refship into memory...
creating index...
index created.
DONE (t=0.67s)
loading dataset refship into memory...
creating index...
index created.
DONE (t=0.60s)
/root/miniconda3/lib/python3.12/site-packages/torch/autograd/graph.py:824: UserWarning: Grad strides do not match bucket view strides. This may indicate grad was not created according to the gradient layout contract, or that the param's strides changed since DDP was constructed.  This is not an error, but may impair performance.
grad.sizes() = [256, 1024, 1, 1], strides() = [1024, 1, 1024, 1024]
bucket_view.sizes() = [256, 1024, 1, 1], strides() = [1024, 1, 1, 1] (Triggered internally at /pytorch/torch/csrc/distributed/c10d/reducer.cpp:328.)
  return Variable._execution_engine.run_backward(  # Calls into the C++ engine to run the backward pass
/root/miniconda3/lib/python3.12/site-packages/torch/autograd/graph.py:824: UserWarning: Grad strides do not match bucket view strides. This may indicate grad was not created according to the gradient layout contract, or that the param's strides changed since DDP was constructed.  This is not an error, but may impair performance.
grad.sizes() = [256, 1024, 1, 1], strides() = [1024, 1, 1024, 1024]
bucket_view.sizes() = [256, 1024, 1, 1], strides() = [1024, 1, 1, 1] (Triggered internally at /pytorch/torch/csrc/distributed/c10d/reducer.cpp:328.)
  return Variable._execution_engine.run_backward(  # Calls into the C++ engine to run the backward pass
Epoch 1 | batch 0/1353 | loss 0.1234
Epoch 1 | batch 50/1353 | loss 0.0031
Epoch 1 | batch 100/1353 | loss 0.0124
Epoch 1 | batch 150/1353 | loss 0.0050
Epoch 1 | batch 200/1353 | loss 0.0195
Epoch 1 | batch 250/1353 | loss 0.0021
Epoch 1 | batch 300/1353 | loss 0.0035
Epoch 1 | batch 350/1353 | loss 0.0041
Epoch 1 | batch 400/1353 | loss 0.0006
